[2026-01-06 12:28:51] [Render thread/INFO] [CustomSkinLoader Core]: CustomSkinLoader 14.27
[2026-01-06 12:28:51] [Render thread/INFO] [CustomSkinLoader Core]: DataDir: D:\game\Minecraft\Release 2.8.3\.minecraft\versions\EMC & FE ++\CustomSkinLoader
[2026-01-06 12:28:51] [Render thread/INFO] [CustomSkinLoader Core]: Operating System: Windows 11 (amd64) version 10.0
[2026-01-06 12:28:51] [Render thread/INFO] [CustomSkinLoader Core]: Java Version: 21.0.8, Azul Systems, Inc.
[2026-01-06 12:28:51] [Render thread/INFO] [CustomSkinLoader Core]: Java VM Version: OpenJDK 64-Bit Server VM (mixed mode, sharing), Azul Systems, Inc.
[2026-01-06 12:28:51] [Render thread/INFO] [CustomSkinLoader Core]: Minecraft: 1.20.1
[2026-01-06 12:28:51] [Render thread/INFO] [CustomSkinLoader Core]: Config File: D:\game\Minecraft\Release 2.8.3\.minecraft\versions\EMC & FE ++\CustomSkinLoader\CustomSkinLoader.json
[2026-01-06 12:28:51] [Render thread/INFO] [CustomSkinLoader Core]: Try to load config.
[2026-01-06 12:28:51] [Render thread/INFO] [CustomSkinLoader Core]: Successfully load config.
[2026-01-06 12:28:51] [Render thread/INFO] [CustomSkinLoader Core]: Add a profile loader: GameProfile
[2026-01-06 12:28:51] [Render thread/INFO] [CustomSkinLoader Core]: Add a profile loader: MojangAPI
[2026-01-06 12:28:51] [Render thread/INFO] [CustomSkinLoader Core]: Add a profile loader: Legacy
[2026-01-06 12:28:51] [Render thread/INFO] [CustomSkinLoader Core]: Add a profile loader: CustomSkinAPI
[2026-01-06 12:28:51] [Render thread/INFO] [CustomSkinLoader Core]: Add a profile loader: CustomSKinAPIPlus
[2026-01-06 12:28:51] [Render thread/INFO] [CustomSkinLoader Core]: Add a profile loader: UniSkinAPI
[2026-01-06 12:28:51] [Render thread/INFO] [CustomSkinLoader Core]: Add a profile loader: ElyByAPI
[2026-01-06 12:28:51] [Render thread/INFO] [CustomSkinLoader Core]: Add a profile loader: GlitchlessAPI
[2026-01-06 12:28:51] [Render thread/INFO] [CustomSkinLoader Core]: Add a profile loader: MinecraftCapesAPI
[2026-01-06 12:28:51] [Render thread/INFO] [CustomSkinLoader Core]: Add a profile loader: WynntilsAPI
[2026-01-06 12:28:51] [Render thread/INFO] [CustomSkinLoader Core]: Successfully update config.
[2026-01-06 12:28:51] [Render thread/INFO] [CustomSkinLoader Core]: version : 14.27
[2026-01-06 12:28:51] [Render thread/INFO] [CustomSkinLoader Core]: buildNumber : 37
[2026-01-06 12:28:51] [Render thread/INFO] [CustomSkinLoader Core]: loadlist : [{ "name": "LittleSkin", "type": "CustomSkinAPI", "root": "https://littleskin.cn/csl/" }, { "name": "BlessingSkin", "type": "CustomSkinAPI", "root": "https://skin.prinzeugen.net/" }, { "name": "ElyBy", "type": "ElyByAPI", "root": "http://skinsystem.ely.by/textures/" }, { "name": "SkinMe", "type": "UniSkinAPI", "root": "http://www.skinme.cc/uniskin/" }, { "name": "TLauncher", "type": "ElyByAPI", "root": "https://auth.tlauncher.org/skin/profile/texture/login/" }, { "name": "GlitchlessGames", "type": "GlitchlessAPI", "root": "https://games.glitchless.ru/api/minecraft/users/profiles/textures/?nickname=" }, { "name": "LocalSkin", "type": "Legacy", "checkPNG": "false", "skin": "LocalSkin/skins/{USERNAME}.png", "model": "auto", "cape": "LocalSkin/capes/{USERNAME}.png", "elytra": "LocalSkin/elytras/{USERNAME}.png" }, { "name": "MinecraftCapes", "type": "MinecraftCapesAPI", "root": "https://api.minecraftcapes.net/profile/" }, { "name": "OptiFine", "type": "Legacy", "checkPNG": "false", "model": "auto", "cape": "https://optifine.net/capes/{USERNAME}.png" }, { "name": "Wynntils", "type": "WynntilsAPI", "root": "https://athena.wynntils.com/user/getInfo" }, { "name": "CloakPlus", "type": "Legacy", "checkPNG": "false", "model": "auto", "cape": "http://161.35.130.99/capes/{USERNAME}.png" }, { "name": "LabyMod", "type": "Legacy", "checkPNG": "false", "model": "auto", "cape": "https://dl.labymod.net/capes/{STANDARD_UUID}" }, { "name": "Cosmetica", "type": "Legacy", "checkPNG": "false", "model": "auto", "cape": "https://api.cosmetica.cc/get/cloak?username={USERNAME}&uuid={STANDARD_UUID}&nothirdparty" }]
[2026-01-06 12:28:51] [Render thread/INFO] [CustomSkinLoader Core]: enableDynamicSkull : true
[2026-01-06 12:28:51] [Render thread/INFO] [CustomSkinLoader Core]: enableTransparentSkin : true
[2026-01-06 12:28:51] [Render thread/INFO] [CustomSkinLoader Core]: forceLoadAllTextures : true
[2026-01-06 12:28:51] [Render thread/INFO] [CustomSkinLoader Core]: enableCape : true
[2026-01-06 12:28:51] [Render thread/INFO] [CustomSkinLoader Core]: threadPoolSize : 8
[2026-01-06 12:28:51] [Render thread/INFO] [CustomSkinLoader Core]: enableLogStdOut : false
[2026-01-06 12:28:51] [Render thread/INFO] [CustomSkinLoader Core]: cacheExpiry : 30
[2026-01-06 12:28:51] [Render thread/INFO] [CustomSkinLoader Core]: forceUpdateSkull : false
[2026-01-06 12:28:51] [Render thread/INFO] [CustomSkinLoader Core]: enableLocalProfileCache : false
[2026-01-06 12:28:51] [Render thread/INFO] [CustomSkinLoader Core]: enableCacheAutoClean : false
[2026-01-06 12:28:51] [Render thread/INFO] [CustomSkinLoader Core]: forceDisableCache : false
[2026-01-06 12:28:51] [Hamburger0abcde/INFO] [CustomSkinLoader Core]: Loading Hamburger0abcde's profile.
[2026-01-06 12:28:51] [Hamburger0abcde/INFO] [CustomSkinLoader Core]: 1/13 Try to load profile from 'LittleSkin'.
[2026-01-06 12:28:51] [Hamburger0abcde/DEBUG] [CustomSkinLoader Core]: Try to request 'https://littleskin.cn/csl/Hamburger0abcde.json'.
[2026-01-06 12:28:52] [Hamburger0abcde/DEBUG] [CustomSkinLoader Core]: Successfully request (Response Code: 200 , Content Length: 188)
[2026-01-06 12:28:52] [Hamburger0abcde/DEBUG] [CustomSkinLoader Core]: Saved to cache (Length: 188 , Path: 'D:\game\Minecraft\Release 2.8.3\.minecraft\versions\EMC & FE ++\CustomSkinLoader\caches\217c023d87104dba2188ae7c4fb6ae94f2ce2d8f' , Expire: 1767673822)
[2026-01-06 12:28:52] [Hamburger0abcde/DEBUG] [CustomSkinLoader Core]: Content: {"username":"Hamburger0abcde","skins":{"slim":"e47c3f9c55cc72c1505a224cca90dc747dd5e890d521b3ea3b44d95f83a61758"},"cape":"51c2f661508a4639b316c169680acbaff7db48d7083c481458d920c2ac760954"}
[2026-01-06 12:28:52] [Hamburger0abcde/INFO] [CustomSkinLoader Core]: Hamburger0abcde's profile loaded.
[2026-01-06 12:28:52] [Hamburger0abcde/INFO] [CustomSkinLoader Core]: (SkinUrl: https://littleskin.cn/csl/textures/e47c3f9c55cc72c1505a224cca90dc747dd5e890d521b3ea3b44d95f83a61758 , Model: slim , CapeUrl: https://littleskin.cn/csl/textures/51c2f661508a4639b316c169680acbaff7db48d7083c481458d920c2ac760954  , Expiry: 1767673762)
